// Jest Snapshot v1, https://goo.gl/fbAQLP

exports[`Checkout page component render() Renders <Checkout /> correctly 1`] = `
<Route>
  <Component />
</Route>
`;
