// Jest Snapshot v1, https://goo.gl/fbAQLP

exports[`Loader component render() Renders <Loader /> correctly 1`] = `
<div
  className="loaderContainer"
>
  <div
    className="loader"
  />
</div>
`;
